.\mvnw.cmd : 
WARNING: A 
restricted method in 
java.lang.System has 
been called
At line:1 char:1
+ .\mvnw.cmd compile 
> compile.log 2>&1
+ ~~~~~~~~~~~~~~~~~~~
~~~~~~~~~~~~~~~~~~
    + CategoryInfo   
           : NotSpe  
  cified: (WARNING   
 : A rest...has b    
een called:Strin    
g) [], RemoteExc    
eption
    + FullyQualified 
   ErrorId : Native  
  CommandError
 
WARNING: java.lang.Sy
stem::load has been 
called by org.fusesou
rce.jansi.internal.Ja
nsiLoader in an 
unnamed module (file:
/C:/Users/Minh/.m2/wr
apper/dists/apache-ma
ven-3.9.9-bin/33b4b2b
4/apache-maven-3.9.9/
lib/jansi-2.4.1.jar)
WARNING: Use --enable
-native-access=ALL-UN
NAMED to avoid a 
warning for callers 
in this module
WARNING: Restricted 
methods will be 
blocked in a future 
release unless 
native access is 
enabled

WARNING: A 
terminally 
deprecated method in 
sun.misc.Unsafe has 
been called
WARNING: sun.misc.Uns
afe::objectFieldOffse
t has been called by 
com.google.common.uti
l.concurrent.Abstract
Future$UnsafeAtomicHe
lper (file:/C:/Users/
Minh/.m2/wrapper/dist
s/apache-maven-3.9.9-
bin/33b4b2b4/apache-m
aven-3.9.9/lib/guava-
33.2.1-jre.jar)
WARNING: Please 
consider reporting 
this to the 
maintainers of class 
com.google.common.uti
l.concurrent.Abstract
Future$UnsafeAtomicHe
lper
WARNING: sun.misc.Uns
afe::objectFieldOffse
t will be removed in 
a future release
[INFO] Scanning for projects...
[INFO] 
[INFO] --------------------------< com.example:demo >--------------------------
[INFO] Building demo 0.0.1-SNAPSHOT
[INFO]   from pom.xml
[INFO] --------------------------------[ jar ]---------------------------------
[INFO] 
[INFO] --- resources:3.3.1:resources (default-resources) @ demo ---
[INFO] Copying 3 resources from src\main\resources to target\classes
[INFO] Copying 1 resource from src\main\resources to target\classes
[INFO] 
[INFO] --- compiler:3.14.1:compile (default-compile) @ demo ---
[INFO] Nothing to compile - all classes are up to date.
[INFO] ------------------------------------------------------------------------
[INFO] BUILD SUCCESS
[INFO] ------------------------------------------------------------------------
[INFO] Total time:  0.927 s
[INFO] Finished at: 2026-03-16T16:20:08+07:00
[INFO] ------------------------------------------------------------------------
